// Jest Snapshot v1, https://goo.gl/fbAQLP

exports[`DatasetMapping returns correct props 1`] = `
Array [
  Object {
    "data": MockEntityRecord {
      "getNamedReference": [MockFunction],
      "id": "1",
      "values": Object {
        "ItemDisplayName": "Open",
        "ItemEnabled": true,
        "ItemIconColor": "blue",
        "ItemIconName": "Open",
        "ItemKey": "commandOpen",
      },
    },
    "enabled": true,
    "iconColor": "blue",
    "iconName": "Open",
    "id": "1",
    "isExpanded": undefined,
    "key": "commandOpen",
    "name": "Open",
    "parentItemKey": undefined,
    "visible": undefined,
  },
  Object {
    "data": MockEntityRecord {
      "getNamedReference": [MockFunction],
      "id": "2",
      "values": Object {
        "ItemDisplayName": "New",
        "ItemEnabled": false,
        "ItemIconColor": "blue",
        "ItemIconName": "New",
        "ItemKey": "commandNew",
      },
    },
    "enabled": false,
    "iconColor": "blue",
    "iconName": "New",
    "id": "2",
    "isExpanded": undefined,
    "key": "commandNew",
    "name": "New",
    "parentItemKey": undefined,
    "visible": undefined,
  },
  Object {
    "data": MockEntityRecord {
      "getNamedReference": [MockFunction],
      "id": "3",
      "values": Object {
        "ItemDisplayName": "Save",
        "ItemEnabled": false,
        "ItemIconColor": "green",
        "ItemIconName": "Save",
        "ItemKey": "commandSave",
      },
    },
    "enabled": false,
    "iconColor": "green",
    "iconName": "Save",
    "id": "3",
    "isExpanded": undefined,
    "key": "commandSave",
    "name": "Save",
    "parentItemKey": undefined,
    "visible": undefined,
  },
  Object {
    "data": MockEntityRecord {
      "getNamedReference": [MockFunction],
      "id": "5",
      "values": Object {
        "ItemDisplayName": "NewFrom",
        "ItemEnabled": false,
        "ItemIconColor": "blue",
        "ItemIconName": "New",
        "ItemKey": "commandNewFrom",
        "ItemParentKey": "commandNew",
      },
    },
    "enabled": false,
    "iconColor": "blue",
    "iconName": "New",
    "id": "5",
    "isExpanded": undefined,
    "key": "commandNewFrom",
    "name": "NewFrom",
    "parentItemKey": "commandNew",
    "visible": undefined,
  },
  Object {
    "data": MockEntityRecord {
      "getNamedReference": [MockFunction],
      "id": "6",
      "values": Object {
        "ItemDisplayName": "SaveAndClose",
        "ItemEnabled": false,
        "ItemIconColor": "green",
        "ItemIconName": "Save",
        "ItemKey": "commandSaveAndClose",
        "ItemParentKey": "commandSave",
      },
    },
    "enabled": false,
    "iconColor": "green",
    "iconName": "Save",
    "id": "6",
    "isExpanded": undefined,
    "key": "commandSaveAndClose",
    "name": "SaveAndClose",
    "parentItemKey": "commandSave",
    "visible": undefined,
  },
  Object {
    "data": MockEntityRecord {
      "getNamedReference": [MockFunction],
      "id": "7",
      "values": Object {
        "ItemDisplayName": "NewFromSub1",
        "ItemEnabled": false,
        "ItemIconColor": "blue",
        "ItemIconName": "New",
        "ItemKey": "commandNewFromSub1",
        "ItemParentKey": "commandNewFrom",
      },
    },
    "enabled": false,
    "iconColor": "blue",
    "iconName": "New",
    "id": "7",
    "isExpanded": undefined,
    "key": "commandNewFromSub1",
    "name": "NewFromSub1",
    "parentItemKey": "commandNewFrom",
    "visible": undefined,
  },
  Object {
    "data": MockEntityRecord {
      "getNamedReference": [MockFunction],
      "id": "8",
      "values": Object {
        "ItemDisplayName": "NewFromSub2",
        "ItemEnabled": false,
        "ItemIconColor": "blue",
        "ItemIconName": "New",
        "ItemKey": "commandNewFromSub2",
        "ItemParentKey": "commandNewFrom",
      },
    },
    "enabled": false,
    "iconColor": "blue",
    "iconName": "New",
    "id": "8",
    "isExpanded": undefined,
    "key": "commandNewFromSub2",
    "name": "NewFromSub2",
    "parentItemKey": "commandNewFrom",
    "visible": undefined,
  },
]
`;
