// Jest Snapshot v1, https://goo.gl/fbAQLP

exports[`DatasetMapping returns correct props when custom color is true  1`] = `
Object {
  "chartData": Array [
    Object {
      "color": "blue",
      "data": 20,
      "legend": "Item 1",
      "xAxisCalloutData": undefined,
    },
    Object {
      "color": "blue",
      "data": 20,
      "legend": "Item 1",
      "xAxisCalloutData": undefined,
    },
  ],
  "chartDataAccessibilityData": Object {
    "ariaLabel": "Stack Bar Chart",
  },
  "chartTitle": "Stack Bar Chart",
}
`;
