// Jest Snapshot v1, https://goo.gl/fbAQLP

exports[`StackedBar renders 1`] = `
<Memo(StackedBarChartControl)
  data={
    Object {
      "chartData": Array [
        Object {
          "color": "Red",
          "data": 20,
          "legend": "Item 1",
          "xAxisCalloutData": undefined,
        },
        Object {
          "color": "Red",
          "data": 20,
          "legend": "Item 1",
          "xAxisCalloutData": undefined,
        },
      ],
      "chartDataAccessibilityData": Object {
        "ariaLabel": "",
      },
      "chartTitle": "",
    }
  }
  styles={
    Object {
      "root": Object {
        "width": -1,
      },
    }
  }
  themeJSON=""
  width={-1}
/>
`;
