// Jest Snapshot v1, https://goo.gl/fbAQLP

exports[`DatasetMapping returns correct props 1`] = `
Array [
  Object {
    "checked": undefined,
    "data": MockEntityRecord {
      "getNamedReference": [MockFunction],
      "id": "1",
      "values": Object {
        "ItemDisplayName": "Item 1",
        "ItemEnabled": true,
        "ItemIconColor": "blue",
        "ItemIconName": "Open",
        "ItemIconOnly": false,
        "ItemKey": "item1",
      },
    },
    "enabled": true,
    "iconColor": "blue",
    "iconName": "Open",
    "iconOnly": false,
    "id": "1",
    "itemCount": undefined,
    "key": "item1",
    "name": "Item 1",
    "parentItemKey": undefined,
    "textColor": undefined,
    "visible": undefined,
  },
  Object {
    "checked": undefined,
    "data": MockEntityRecord {
      "getNamedReference": [MockFunction],
      "id": "2",
      "values": Object {
        "ItemDisplayName": "Item 2",
        "ItemEnabled": false,
        "ItemIconColor": "blue",
        "ItemIconName": "New",
        "ItemIconOnly": true,
        "ItemKey": "item2",
      },
    },
    "enabled": false,
    "iconColor": "blue",
    "iconName": "New",
    "iconOnly": true,
    "id": "2",
    "itemCount": undefined,
    "key": "item2",
    "name": "Item 2",
    "parentItemKey": undefined,
    "textColor": undefined,
    "visible": undefined,
  },
  Object {
    "checked": undefined,
    "data": MockEntityRecord {
      "getNamedReference": [MockFunction],
      "id": "3",
      "values": Object {
        "ItemDisplayName": "Item 3",
        "ItemEnabled": false,
        "ItemIconColor": "green",
        "ItemIconName": "Save",
        "ItemIconOnly": true,
        "ItemKey": "item3",
      },
    },
    "enabled": false,
    "iconColor": "green",
    "iconName": "Save",
    "iconOnly": true,
    "id": "3",
    "itemCount": undefined,
    "key": "item3",
    "name": "Item 3",
    "parentItemKey": undefined,
    "textColor": undefined,
    "visible": undefined,
  },
  Object {
    "checked": undefined,
    "data": MockEntityRecord {
      "getNamedReference": [MockFunction],
      "id": "5",
      "values": Object {
        "ItemDisplayName": "Item 5",
        "ItemEnabled": false,
        "ItemIconColor": "blue",
        "ItemIconName": "New",
        "ItemIconOnly": true,
        "ItemKey": "item5",
        "ItemParentKey": "commandNew",
      },
    },
    "enabled": false,
    "iconColor": "blue",
    "iconName": "New",
    "iconOnly": true,
    "id": "5",
    "itemCount": undefined,
    "key": "item5",
    "name": "Item 5",
    "parentItemKey": "commandNew",
    "textColor": undefined,
    "visible": undefined,
  },
  Object {
    "checked": undefined,
    "data": MockEntityRecord {
      "getNamedReference": [MockFunction],
      "id": "6",
      "values": Object {
        "ItemDisplayName": "Item 6",
        "ItemEnabled": false,
        "ItemIconColor": "green",
        "ItemIconName": "Save",
        "ItemIconOnly": true,
        "ItemKey": "item6",
        "ItemParentKey": "commandSave",
      },
    },
    "enabled": false,
    "iconColor": "green",
    "iconName": "Save",
    "iconOnly": true,
    "id": "6",
    "itemCount": undefined,
    "key": "item6",
    "name": "Item 6",
    "parentItemKey": "commandSave",
    "textColor": undefined,
    "visible": undefined,
  },
  Object {
    "checked": undefined,
    "data": MockEntityRecord {
      "getNamedReference": [MockFunction],
      "id": "7",
      "values": Object {
        "ItemDisplayName": "Item 7",
        "ItemEnabled": false,
        "ItemIconColor": "blue",
        "ItemIconName": "New",
        "ItemIconOnly": true,
        "ItemKey": "item7",
        "ItemParentKey": "item1",
      },
    },
    "enabled": false,
    "iconColor": "blue",
    "iconName": "New",
    "iconOnly": true,
    "id": "7",
    "itemCount": undefined,
    "key": "item7",
    "name": "Item 7",
    "parentItemKey": "item1",
    "textColor": undefined,
    "visible": undefined,
  },
  Object {
    "checked": undefined,
    "data": MockEntityRecord {
      "getNamedReference": [MockFunction],
      "id": "8",
      "values": Object {
        "ItemDisplayName": "Item 8",
        "ItemEnabled": false,
        "ItemIconColor": "blue",
        "ItemIconName": "New",
        "ItemIconOnly": true,
        "ItemKey": "item8",
        "ItemParentKey": "item2",
      },
    },
    "enabled": false,
    "iconColor": "blue",
    "iconName": "New",
    "iconOnly": true,
    "id": "8",
    "itemCount": undefined,
    "key": "item8",
    "name": "Item 8",
    "parentItemKey": "item2",
    "textColor": undefined,
    "visible": undefined,
  },
]
`;
