// Jest Snapshot v1, https://goo.gl/fbAQLP

exports[`DatasetMapping returns correct props when custom color is true  1`] = `
Array [
  Object {
    "color": "Blue",
    "id": "1",
    "key": "item1",
    "legend": "Item 1",
    "size": 20,
  },
  Object {
    "color": "Blue",
    "id": "1",
    "key": "item1_2",
    "legend": "Item 1",
    "size": 20,
  },
]
`;
