// Jest Snapshot v1, https://goo.gl/fbAQLP

exports[`HorizontalBar renders 1`] = `
<Memo(CanvasHorizontalChart)
  barHeight={15}
  data={
    Array [
      Object {
        "chartData": Array [
          Object {
            "color": "Red",
            "horizontalBarChartdata": Object {
              "x": undefined,
              "y": undefined,
            },
            "legend": "Item 1",
            "xAxisCalloutData": undefined,
            "yAxisCalloutData": undefined,
          },
        ],
        "chartTitle": undefined,
        "chartTitleAccessibilityData": undefined,
        "id": "1",
        "key": "item1",
      },
      Object {
        "chartData": Array [
          Object {
            "color": "Red",
            "horizontalBarChartdata": Object {
              "x": undefined,
              "y": undefined,
            },
            "legend": "Item 1",
            "xAxisCalloutData": undefined,
            "yAxisCalloutData": undefined,
          },
        ],
        "chartTitle": undefined,
        "chartTitleAccessibilityData": undefined,
        "id": "1",
        "key": "item1_1",
      },
    ]
  }
  styles={
    Object {
      "root": Object {
        "height": -1,
      },
    }
  }
  width={-1}
/>
`;
